Task 02-Git commands:


prerana <prerana.mohans@gmail.com>
12:29 PM (8 minutes ago)
to me

PS C:\Users\Bnmit\Documents\blala> git init
Initialized empty Git repository in C:/Users/Bnmit/Documents/blala/.git/
PS C:\Users\Bnmit\Documents\blala> git add .
PS C:\Users\Bnmit\Documents\blala> git commit -m "initiank"
[master (root-commit) 7b084e5] initiank
 1 file changed, 0 insertions(+), 0 deletions(-)
 create mode 100644 print.py
PS C:\Users\Bnmit\Documents\blala> git branch -M main
PS C:\Users\Bnmit\Documents\blala> git remote add origin https://github.com/snehaaa10/qwert.git
PS C:\Users\Bnmit\Documents\blala> git push origin main
Enumerating objects: 3, done.
Counting objects: 100% (3/3), done.
Writing objects: 100% (3/3), 209 bytes | 209.00 KiB/s, done.
Total 3 (delta 0), reused 0 (delta 0), pack-reused 0 (from 0)
To https://github.com/snehaaa10/qwert.git
 * [new branch]      main -> main
PS C:\Users\Bnmit\Documents\blala> git status
On branch main
nothing to commit, working tree clean
PS C:\Users\Bnmit\Documents\blala> git add .                                                  
PS C:\Users\Bnmit\Documents\blala> git commit -m "initiank"                                    
[main 00620ad] initiank
 1 file changed, 1 insertion(+)
PS C:\Users\Bnmit\Documents\blala> git branch -M main                                          
PS C:\Users\Bnmit\Documents\blala> git push origin main    
Enumerating objects: 5, done.
Counting objects: 100% (5/5), done.
Writing objects: 100% (3/3), 254 bytes | 254.00 KiB/s, done.
Total 3 (delta 0), reused 0 (delta 0), pack-reused 0 (from 0)
To https://github.com/snehaaa10/qwert.git
   7b084e5..00620ad  main -> main
PS C:\Users\Bnmit\Documents\blala> git checkout -b child
Switched to a new branch 'child'
PS C:\Users\Bnmit\Documents\blala> git branch
* child
  main

--> create a new file and write some code

PS C:\Users\Bnmit\Documents\blala> git add .              
PS C:\Users\Bnmit\Documents\blala> git commit -m "initiank"
[child 9112fdd] initiank
 1 file changed, 1 insertion(+)
 create mode 100644 pri.py

PS C:\Users\Bnmit\Documents\blala> git push --set-upstream origin child
Enumerating objects: 4, done.
Counting objects: 100% (4/4), done.
Delta compression using up to 20 threads
Compressing objects: 100% (2/2), done.
Writing objects: 100% (3/3), 275 bytes | 275.00 KiB/s, done.
Total 3 (delta 0), reused 0 (delta 0), pack-reused 0 (from 0)
remote:
remote: Create a pull request for 'child' on GitHub by visiting:
remote:      https://github.com/snehaaa10/qwert/pull/new/child
remote:
To https://github.com/snehaaa10/qwert.git
 * [new branch]      child -> child
branch 'child' set up to track 'origin/child'.

-->go to github and merge the request and everything
-->make changes on github and pull

PS C:\Users\Bnmit\Documents\blala> git pull origin main
remote: Enumerating objects: 7, done.
remote: Counting objects: 100% (7/7), done.
remote: Compressing objects: 100% (3/3), done.
remote: Total 4 (delta 0), reused 0 (delta 0), pack-reused 0 (from 0)
Unpacking objects: 100% (4/4), 1.75 KiB | 85.00 KiB/s, done.
From https://github.com/snehaaa10/qwert
 * branch            main       -> FETCH_HEAD
   00620ad..6696c4f  main       -> origin/main
Updating 9112fdd..6696c4f
Fast-forward
 pri.py | 2 +-
 1 file changed, 1 insertion(+), 1 deletion(-)
